// Jest Snapshot v1, https://goo.gl/fbAQLP

exports[`Pruebas en el componente EntryItem Debe de hacer match con el snapshot 1`] = `
<div class="entry-container mb-3 pointer p-2">
  <div class="entry-title d-flex"><span class="text-success fs-4 fw-bold">1</span><span class="mx-1 fs-5">Enero</span><span class="mx-2 fw-light">2020, Mi√©rcoles</span></div>
  <div class="entry-description">Entry 1</div>
</div>
`;
