// Jest Snapshot v1, https://goo.gl/fbAQLP

exports[`Pruebas en el componente LoginView Debe de hacer match con el snapshot 1`] = `
<span class="login100-form-title p-b-41"> Ingresar </span>
<form class="login100-form validate-form p-b-33 p-t-5">
  <div class="wrap-input100 validate-input" data-validate="Enter email"><input required="" type="text" class="input100" placeholder="email"><span class="focus-input100" data-placeholder=""></span></div>
  <div class="wrap-input100 validate-input" data-validate="Enter password"><input required="" type="password" class="input100" placeholder="password"><span class="focus-input100" data-placeholder=""></span></div>
  <div class="container-login100-form-btn m-t-32"><button type="submit" class="login100-form-btn">Login</button></div>
  <div class="container-login100-form-btn m-t-32">
    <router-link-stub to="[object Object]" replace="false" custom="false" ariacurrentvalue="page"></router-link-stub>
  </div>
</form>
`;
