// Jest Snapshot v1, https://goo.gl/fbAQLP

exports[`Pruebas en la vista About debe de hacer match con el snapshot 1`] = `
<div class="about">
  <h1>This is an about page</h1>
</div>
`;
