// Jest Snapshot v1, https://goo.gl/fbAQLP

exports[`Pruebas en la vista Home debe de hacer match con el snapshot 1`] = `
<div class="home-view">
  <h1>Home</h1>
  <p>This is the Home page</p><button class="btn btn-primary">Go to DayBook</button>
</div>
`;
